<html>
<body>
<pre>
<h1>µVision Build Log</h1>
<h2>Tool Versions:</h2>
IDE-Version: ¦ÌVision V5.37.0.0
Copyright (C) 2022 ARM Ltd and ARM Germany GmbH. All rights reserved.
License Information: 1 1470861900@qq.com, 1, LIC=8MZI6-DUCG7-687FC-7YMQB-2QW6H-SB084
 
Tool Versions:
Toolchain:       MDK-ARM Professional  Version: 5.37.0.0
Toolchain Path:  C:\Keil5\Core\ARM\ARMCLANG\Bin
C Compiler:      ArmClang.exe V6.18
Assembler:       Armasm.exe V6.18
Linker/Locator:  ArmLink.exe V6.18
Library Manager: ArmAr.exe V6.18
Hex Converter:   FromElf.exe V6.18
CPU DLL:         SARMCM3.DLL V5.37.0.0
Dialog DLL:      DCM.DLL V1.17.5.0
Target DLL:      CMSIS_AGDI.dll V1.33.12.0
Dialog DLL:      TCM.DLL V1.56.1.0
 
<h2>Project:</h2>
C:\Users\tempadmin\Desktop\ad98833\MDK-ARM\aaa.uvprojx
Project File Date:  03/15/2026

<h2>Output:</h2>
*** Using Compiler 'V6.18', folder: 'C:\Keil5\Core\ARM\ARMCLANG\Bin'
Rebuild target 'aaa'
compiling stm32h7xx_hal_rcc.c...
compiling adc.c...
compiling tim.c...
compiling stm32h7xx_hal_flash_ex.c...
compiling stm32h7xx_hal_flash.c...
compiling stm32h7xx_it.c...
compiling main.c...
compiling stm32h7xx_hal_rcc_ex.c...
compiling dma.c...
compiling gpio.c...
compiling usart.c...
assembling startup_stm32h750xx.s...
compiling stm32h7xx_hal_msp.c...
compiling stm32h7xx_hal_adc.c...
compiling stm32h7xx_hal_adc_ex.c...
compiling stm32h7xx_hal_gpio.c...
compiling stm32h7xx_hal_hsem.c...
compiling stm32h7xx_hal_pwr_ex.c...
compiling stm32h7xx_hal_dma_ex.c...
compiling stm32h7xx_hal_mdma.c...
compiling stm32h7xx_hal.c...
compiling stm32h7xx_hal_pwr.c...
compiling stm32h7xx_hal_cortex.c...
compiling stm32h7xx_hal_dma.c...
compiling stm32h7xx_hal_i2c_ex.c...
compiling stm32h7xx_hal_uart_ex.c...
compiling system_stm32h7xx.c...
compiling stm32h7xx_hal_exti.c...
compiling stm32h7xx_hal_tim_ex.c...
compiling stm32h7xx_hal_i2c.c...
compiling stm32h7xx_hal_tim.c...
compiling stm32h7xx_hal_uart.c...
compiling BasicMathFunctions.c...
compiling BayesFunctionsF16.c...
compiling BasicMathFunctionsF16.c...
compiling BayesFunctions.c...
compiling CommonTablesF16.c...
compiling ControllerFunctions.c...
compiling ComplexMathFunctions.c...
compiling ComplexMathFunctionsF16.c...
compiling DistanceFunctionsF16.c...
compiling CommonTables.c...
compiling DistanceFunctions.c...
compiling FastMathFunctionsF16.c...
compiling InterpolationFunctionsF16.c...
compiling InterpolationFunctions.c...
compiling FastMathFunctions.c...
compiling FilteringFunctionsF16.c...
compiling QuaternionMathFunctions.c...
compiling SVMFunctions.c...
compiling MatrixFunctionsF16.c...
compiling SVMFunctionsF16.c...
compiling SupportFunctionsF16.c...
compiling StatisticsFunctionsF16.c...
compiling TransformFunctionsF16.c...
compiling StatisticsFunctions.c...
compiling SupportFunctions.c...
compiling WindowFunctions.c...
compiling MatrixFunctions.c...
compiling TransformFunctions.c...
compiling FilteringFunctions.c...
linking...
Program Size: Code=32648 RO-data=35588 RW-data=20 ZI-data=15836  
FromELF: creating hex file...
"aaa\aaa.axf" - 0 Error(s), 0 Warning(s).

<h2>Software Packages used:</h2>

Package Vendor: ARM
                https://www.keil.com/pack/ARM.CMSIS.6.3.0.pack
                ARM.CMSIS.6.3.0
                CMSIS (Common Microcontroller Software Interface Standard)
   * Component: CORE Version: 6.2.0

Package Vendor: ARM
                https://www.keil.com/pack/ARM.CMSIS-DSP.1.17.0.pack
                ARM.CMSIS-DSP.1.17.0
                CMSIS Embedded Compute Library
   * Component: DSP Variant: Source Version: 1.17.0

Package Vendor: Keil
                https://www.keil.com/pack/Keil.STM32H7xx_DFP.4.1.3.pack
                Keil.STM32H7xx_DFP.4.1.3
                STMicroelectronics STM32H7 Series Device Support

<h2>Collection of Component include folders:</h2>
  ./RTE/_aaa
  C:/Keil5/Pack/ARM/CMSIS-DSP/1.17.0/Include
  C:/Keil5/Pack/ARM/CMSIS-DSP/1.17.0/PrivateInclude
  C:/Keil5/Pack/ARM/CMSIS/6.3.0/CMSIS/Core/Include

<h2>Collection of Component Files used:</h2>

   * Component: ARM::CMSIS:CORE:6.2.0
      Include file:  CMSIS/Core/Include/tz_context.h

   * Component: ARM::CMSIS:DSP:Source:1.17.0
      Source file:   Source/SupportFunctions/SupportFunctions.c
      Include file:  Include/arm_common_tables.h
      Source file:   Source/QuaternionMathFunctions/QuaternionMathFunctions.c
      Source file:   Source/CommonTables/CommonTables.c
      Source file:   Source/ComplexMathFunctions/ComplexMathFunctions.c
      Source file:   Source/DistanceFunctions/DistanceFunctions.c
      Source file:   Source/WindowFunctions/WindowFunctions.c
      Source file:   Source/BasicMathFunctions/BasicMathFunctionsF16.c
      Source file:   Source/ComplexMathFunctions/ComplexMathFunctionsF16.c
      Source file:   Source/StatisticsFunctions/StatisticsFunctions.c
      Source file:   Source/BayesFunctions/BayesFunctions.c
      Source file:   Source/ControllerFunctions/ControllerFunctions.c
      Include file:  Include/arm_math_f16.h
      Include file:  Include/arm_const_structs_f16.h
      Source file:   Source/FastMathFunctions/FastMathFunctions.c
      Source file:   Source/FilteringFunctions/FilteringFunctions.c
      Source file:   Source/MatrixFunctions/MatrixFunctions.c
      Source file:   Source/SVMFunctions/SVMFunctions.c
      Source file:   Source/InterpolationFunctions/InterpolationFunctions.c
      Include file:  Include/arm_math.h
      Source file:   Source/TransformFunctions/TransformFunctions.c
      Include file:  Include/arm_common_tables_f16.h
      Include file:  Include/arm_const_structs.h
      Source file:   Source/BasicMathFunctions/BasicMathFunctions.c
      Source file:   Source/StatisticsFunctions/StatisticsFunctionsF16.c
      Source file:   Source/BayesFunctions/BayesFunctionsF16.c
      Source file:   Source/SVMFunctions/SVMFunctionsF16.c
      Source file:   Source/SupportFunctions/SupportFunctionsF16.c
      Source file:   Source/CommonTables/CommonTablesF16.c
      Source file:   Source/FilteringFunctions/FilteringFunctionsF16.c
      Source file:   Source/TransformFunctions/TransformFunctionsF16.c
      Source file:   Source/InterpolationFunctions/InterpolationFunctionsF16.c
      Source file:   Source/DistanceFunctions/DistanceFunctionsF16.c
      Source file:   Source/FastMathFunctions/FastMathFunctionsF16.c
      Source file:   Source/MatrixFunctions/MatrixFunctionsF16.c
Build Time Elapsed:  00:00:09
</pre>
</body>
</html>
